000030.KS	no_ohlcv_or_columns
000060.KS	no_ohlcv_or_columns
000885.KS	no_ohlcv_or_columns
002270.KS	no_ohlcv_or_columns
003410.KS	no_ohlcv_or_columns
005390.KS	no_ohlcv_or_columns
008560.KS	no_ohlcv_or_columns
010120	no_ohlcv_or_columns
010620.KS	no_ohlcv_or_columns
012450	no_ohlcv_or_columns
0167A0.KS	too_short(len=20)
017510.KS	too_short(len=23)
017800	no_ohlcv_or_columns
034230.KQ	no_ohlcv_or_columns
036490.KQ	no_ohlcv_or_columns
042670.KS	no_ohlcv_or_columns
048260.KQ	no_ohlcv_or_columns
066970.KQ	no_ohlcv_or_columns
069500.KS	too_short(len=20)
087010.KS	too_short(len=23)
090460.KQ	no_ohlcv_or_columns
091230.KS	too_short(len=20)
091990.KQ	no_ohlcv_or_columns
102110.KS	too_short(len=20)
115390.KS	no_ohlcv_or_columns
117680.KS	too_short(len=20)
131390.KQ	no_ohlcv_or_columns
132030.KS	too_short(len=20)
133690.KS	too_short(len=20)
151910.KQ	no_ohlcv_or_columns
153130.KQ	no_ohlcv_or_columns
178920.KQ	too_short(len=23)
208340.KQ	no_ohlcv_or_columns
217600.KQ	no_ohlcv_or_columns
220630.KQ	no_ohlcv_or_columns
221610.KQ	no_ohlcv_or_columns
222810.KQ	no_ohlcv_or_columns
229200.KS	too_short(len=20)
230360.KQ	no_ohlcv_or_columns
233160.KS	too_short(len=20)
233740.KS	too_short(len=20)
252330.KQ	no_ohlcv_or_columns
252670.KS	too_short(len=20)
266370.KS	too_short(len=20)
267770.KS	too_short(len=20)
287410.KQ	no_ohlcv_or_columns
290130.KQ	no_ohlcv_or_columns
294030.KQ	no_ohlcv_or_columns
298040	no_ohlcv_or_columns
305540.KS	too_short(len=20)
305720.KS	too_short(len=20)
329180	no_ohlcv_or_columns
364980.KS	too_short(len=20)
381180.KS	too_short(len=20)
395160.KS	too_short(len=20)
395270.KS	too_short(len=20)
396500.KS	too_short(len=20)
409820.KS	too_short(len=20)
411060.KS	too_short(len=20)
445290.KS	too_short(len=20)
475310.KS	too_short(len=20)
488080.KS	too_short(len=20)
494310.KS	too_short(len=20)