import time: self [us] | cumulative | imported package
import time:        65 |         65 |   _io
import time:        15 |         15 |   marshal
import time:        97 |         97 |   posix
import time:       293 |        469 | _frozen_importlib_external
import time:      1162 |       1162 |   time
import time:       171 |       1333 | zipimport
import time:        79 |         79 |     _codecs
import time:       863 |        942 |   codecs
import time:       806 |        806 |   encodings.aliases
import time:      3224 |       4971 | encodings
import time:       387 |        387 | encodings.utf_8
import time:        37 |         37 | _signal
import time:        17 |         17 |     _abc
import time:       332 |        348 |   abc
import time:       606 |        953 | io
import time:        19 |         19 |       _stat
import time:       476 |        495 |     stat
import time:       729 |        729 |     _collections_abc
import time:       312 |        312 |       genericpath
import time:       324 |        636 |     posixpath
import time:       583 |       2441 |   os
import time:       376 |        376 |   _sitebuiltins
import time:       957 |        957 |   _distutils_hack
import time:        27 |         27 |   sitecustomize
import time:        20 |         20 |   usercustomize
import time:      2297 |       6116 | site
import time:       712 |        712 | __future__
import time:       350 |        350 |       types
import time:       601 |        950 |     enum
import time:        27 |         27 |       _sre
import time:       299 |        299 |         sre_constants
import time:       421 |        720 |       sre_parse
import time:       701 |       1447 |     sre_compile
import time:        31 |         31 |         itertools
import time:       272 |        272 |         keyword
import time:        28 |         28 |           _operator
import time:       326 |        354 |         operator
import time:       282 |        282 |         reprlib
import time:        19 |         19 |         _collections
import time:       608 |       1564 |       collections
import time:        49 |         49 |       _functools
import time:       442 |       2054 |     functools
import time:        23 |         23 |     _locale
import time:       271 |        271 |     copyreg
import time:       468 |       5212 |   re
import time:       565 |        565 |   gettext
import time:       658 |       6434 | argparse
import time:      3583 |       3583 |   _hashlib
import time:       206 |        206 |   _blake2
import time:       344 |       4132 | hashlib
import time:       298 |        298 |   math
import time:       266 |        266 |   _datetime
import time:       570 |       1134 | datetime
import time:       264 |        264 |   fnmatch
import time:        24 |         24 |     _winapi
import time:        21 |         21 |     nt
import time:        19 |         19 |     nt
import time:        18 |         18 |     nt
import time:        17 |         17 |     nt
import time:       320 |        417 |   ntpath
import time:       362 |        362 |   warnings
import time:        20 |         20 |   errno
import time:      1270 |       1270 |     urllib
import time:       762 |        762 |     ipaddress
import time:       695 |       2726 |   urllib.parse
import time:       563 |       4350 | pathlib
import time:       200 |        200 |         numpy._utils._convertions
import time:       262 |        462 |       numpy._utils
import time:       786 |       1247 |     numpy._globals
import time:       270 |        270 |     numpy.exceptions
import time:       218 |        218 |     numpy.version
import time:        13 |         13 |       numpy._distributor_init_local
import time:       164 |        177 |     numpy._distributor_init
import time:       238 |        238 |               numpy._utils._inspect
import time:       328 |        328 |                 numpy.core._exceptions
import time:       199 |        199 |                 numpy.dtypes
import time:      4010 |       4535 |               numpy.core._multiarray_umath
import time:       241 |       5013 |             numpy.core.overrides
import time:       670 |       5682 |           numpy.core.multiarray
import time:       317 |        317 |           numpy.core.umath
import time:       403 |        403 |             numbers
import time:       155 |        155 |             numpy.core._string_helpers
import time:        31 |         31 |                   pickle5
import time:       364 |        364 |                       _struct
import time:       244 |        608 |                     struct
import time:       248 |        248 |                     _compat_pickle
import time:       372 |        372 |                     _pickle
import time:        55 |         55 |                         org
import time:         6 |         60 |                       org.python
import time:         6 |         66 |                     org.python.core
import time:       636 |       1928 |                   pickle
import time:       131 |       2089 |                 numpy.compat.py3k
import time:       267 |       2356 |               numpy.compat
import time:       320 |        320 |               numpy.core._dtype
import time:       167 |       2843 |             numpy.core._type_aliases
import time:       287 |       3686 |           numpy.core.numerictypes
import time:       461 |        461 |                   contextlib
import time:       319 |        319 |                     collections.abc
import time:       388 |        388 |                       _contextvars
import time:       250 |        638 |                     contextvars
import time:       199 |       1155 |                   numpy.core._ufunc_config
import time:       108 |       1723 |                 numpy.core._methods
import time:       530 |       2253 |               numpy.core.fromnumeric
import time:       249 |       2501 |             numpy.core.shape_base
import time:       443 |        443 |             numpy.core.arrayprint
import time:       192 |        192 |             numpy.core._asarray
import time:       516 |       3651 |           numpy.core.numeric
import time:       443 |        443 |           numpy.core.defchararray
import time:       330 |        330 |           numpy.core.records
import time:       180 |        180 |           numpy.core.memmap
import time:       221 |        221 |           numpy.core.function_base
import time:       161 |        161 |           numpy.core._machar
import time:       206 |        206 |           numpy.core.getlimits
import time:       237 |        237 |           numpy.core.einsumfunc
import time:       891 |        891 |             numpy.core._multiarray_tests
import time:       674 |       1564 |           numpy.core._add_newdocs
import time:       477 |        477 |           numpy.core._add_newdocs_scalars
import time:       184 |        184 |           numpy.core._dtype_ctypes
import time:       423 |        423 |               _ast
import time:       856 |       1278 |             ast
import time:      1039 |       1039 |               _ctypes
import time:       257 |        257 |               ctypes._endian
import time:       607 |       1902 |             ctypes
import time:       461 |       3640 |           numpy.core._internal
import time:       232 |        232 |           numpy._pytesttester
import time:       433 |      21636 |         numpy.core
import time:         8 |      21644 |       numpy.core._multiarray_umath
import time:       231 |      21874 |     numpy.__config__
import time:       482 |        482 |       numpy.lib.mixins
import time:       254 |        254 |           numpy.lib.ufunclike
import time:       321 |        575 |         numpy.lib.type_check
import time:       335 |        910 |       numpy.lib.scimath
import time:      1025 |       1025 |                 typing
import time:       220 |        220 |                   numpy.lib.stride_tricks
import time:       344 |        563 |                 numpy.lib.twodim_base
import time:       731 |        731 |                 numpy.linalg._umath_linalg
import time:       435 |        435 |                   numpy._typing._nested_sequence
import time:       151 |        151 |                   numpy._typing._nbit
import time:       373 |        373 |                   numpy._typing._char_codes
import time:       269 |        269 |                   numpy._typing._scalars
import time:        75 |         75 |                   numpy._typing._shape
import time:       482 |        482 |                   numpy._typing._dtype_like
import time:       990 |        990 |                   numpy._typing._array_like
import time:       220 |       2994 |                 numpy._typing
import time:       926 |       6237 |               numpy.linalg.linalg
import time:       185 |       6422 |             numpy.linalg
import time:       360 |       6782 |           numpy.matrixlib.defmatrix
import time:       248 |       7029 |         numpy.matrixlib
import time:       283 |        283 |           numpy.lib.histograms
import time:       768 |       1050 |         numpy.lib.function_base
import time:       295 |       8373 |       numpy.lib.index_tricks
import time:       370 |        370 |       numpy.lib.nanfunctions
import time:       268 |        268 |       numpy.lib.shape_base
import time:       364 |        364 |       numpy.lib.polynomial
import time:       659 |        659 |         textwrap
import time:       495 |        495 |             signal
import time:       313 |        313 |               _weakrefset
import time:       421 |        733 |             threading
import time:       570 |        570 |             fcntl
import time:        28 |         28 |             msvcrt
import time:       589 |        589 |             _posixsubprocess
import time:       592 |        592 |             select
import time:       651 |        651 |             selectors
import time:       346 |       4000 |           subprocess
import time:      1037 |       5037 |         platform
import time:       353 |       6048 |       numpy.lib.utils
import time:       268 |        268 |       numpy.lib.arraysetops
import time:       428 |        428 |         weakref
import time:       200 |        200 |         numpy.lib.format
import time:       229 |        229 |         numpy.lib._datasource
import time:       385 |        385 |         numpy.lib._iotools
import time:       350 |       1589 |       numpy.lib.npyio
import time:       221 |        221 |       numpy.lib.arrayterator
import time:       105 |        105 |       numpy.lib.arraypad
import time:       157 |        157 |       numpy.lib._version
import time:       342 |      19490 |     numpy.lib
import time:       455 |        455 |         numpy.fft._pocketfft_internal
import time:       489 |        943 |       numpy.fft._pocketfft
import time:       118 |        118 |       numpy.fft.helper
import time:       540 |       1601 |     numpy.fft
import time:       302 |        302 |         numpy.polynomial.polyutils
import time:       301 |        301 |         numpy.polynomial._polybase
import time:       634 |       1236 |       numpy.polynomial.polynomial
import time:       267 |        267 |       numpy.polynomial.chebyshev
import time:       219 |        219 |       numpy.polynomial.legendre
import time:       268 |        268 |       numpy.polynomial.hermite
import time:       240 |        240 |       numpy.polynomial.hermite_e
import time:       209 |        209 |       numpy.polynomial.laguerre
import time:       169 |       2604 |     numpy.polynomial
import time:        28 |         28 |               backports_abc
import time:       688 |        716 |             numpy.random._common
import time:       925 |        925 |                 binascii
import time:       318 |       1243 |               base64
import time:       321 |        321 |               hmac
import time:       814 |        814 |                   _bisect
import time:       242 |       1055 |                 bisect
import time:       655 |        655 |                 _random
import time:       497 |        497 |                 _sha512
import time:       304 |       2509 |               random
import time:       309 |       4379 |             secrets
import time:       697 |       5791 |           numpy.random.bit_generator
import time:       726 |        726 |           numpy.random._bounded_integers
import time:       653 |        653 |           numpy.random._mt19937
import time:       854 |       8022 |         numpy.random.mtrand
import time:       619 |        619 |         numpy.random._philox
import time:       623 |        623 |         numpy.random._pcg64
import time:       656 |        656 |         numpy.random._sfc64
import time:      1669 |       1669 |         numpy.random._generator
import time:       404 |      11992 |       numpy.random._pickle
import time:       213 |      12205 |     numpy.random
import time:       321 |        321 |     numpy.ctypeslib
import time:       484 |        484 |               _opcode
import time:       205 |        689 |             opcode
import time:       364 |       1052 |           dis
import time:       302 |        302 |             importlib
import time:       274 |        575 |           importlib.machinery
import time:       263 |        263 |               token
import time:       561 |        823 |             tokenize
import time:       267 |       1090 |           linecache
import time:      1015 |       3731 |         inspect
import time:      1357 |       5087 |       numpy.ma.core
import time:       558 |        558 |       numpy.ma.extras
import time:       344 |       5988 |     numpy.ma
import time:      1007 |      66996 |   numpy
import time:       671 |        671 |     pytz.exceptions
import time:       287 |        287 |     pytz.lazy
import time:       561 |        561 |     pytz.tzinfo
import time:       207 |        207 |     pytz.tzfile
import time:       624 |       2349 |   pytz
import time:       606 |        606 |     dateutil._version
import time:       351 |        956 |   dateutil
import time:       447 |        447 |       sysconfig
import time:      1338 |       1338 |       _sysconfigdata__darwin_darwin
import time:       360 |        360 |       _osx_support
import time:      2251 |       4395 |     pandas.compat._constants
import time:       229 |        229 |         _compression
import time:      1720 |       1720 |         _bz2
import time:       255 |       2203 |       bz2
import time:      1120 |       1120 |         _lzma
import time:       422 |       1542 |       lzma
import time:       195 |       3938 |     pandas.compat.compressors
import time:       331 |        331 |         pandas.util
import time:      1270 |       1601 |       pandas.util.version
import time:       196 |       1797 |     pandas.compat.numpy
import time:        20 |         20 |         gc
import time:      1152 |       1152 |         pyarrow._generated_version
import time:      1027 |       1027 |             _decimal
import time:       361 |       1387 |           decimal
import time:       186 |        186 |             numpy._core
import time:       291 |        477 |           numpy._core._multiarray_umath
import time:        31 |         31 |                       org
import time:        18 |         49 |                     org.python
import time:        16 |         64 |                   org.python.core
import time:       323 |        387 |                 copy
import time:       490 |        876 |               dataclasses
import time:       371 |        371 |                 traceback
import time:        15 |         15 |                   _string
import time:       441 |        455 |                 string
import time:        17 |         17 |                 atexit
import time:      1097 |       1939 |               logging
import time:       916 |        916 |                 _uuid
import time:       462 |       1378 |               uuid
import time:       623 |       4814 |             cloudpickle.cloudpickle
import time:       762 |       5576 |           cloudpickle
import time:      1021 |       1021 |               _socket
import time:       705 |        705 |               array
import time:       704 |       2429 |             socket
import time:      1190 |       3618 |           pyarrow.util
import time:       793 |        793 |               _heapq
import time:       209 |       1001 |             heapq
import time:       663 |        663 |             _queue
import time:       283 |       1946 |           queue
import time:     21960 |      34963 |         pyarrow.lib
import time:       325 |        325 |         pyarrow.ipc
import time:       261 |        261 |         pyarrow.types
import time:       532 |      37250 |       pyarrow
import time:       326 |      37576 |     pandas.compat.pyarrow
import time:       568 |      48273 |   pandas.compat
import time:      1596 |       1596 |       pandas._typing
import time:       218 |        218 |       pandas.util._exceptions
import time:       680 |       2494 |     pandas._config.config
import time:       242 |        242 |     pandas._config.dates
import time:       569 |        569 |       locale
import time:       135 |        704 |     pandas._config.display
import time:       220 |       3659 |   pandas._config
import time:       178 |        178 |     pandas.core
import time:       753 |        931 |   pandas.core.config_init
import time:      2276 |       2276 |       pandas._libs.pandas_parser
import time:      1050 |       1050 |       pandas._libs.pandas_datetime
import time:       821 |        821 |                   pandas._libs.tslibs.ccalendar
import time:       837 |        837 |                   pandas._libs.tslibs.np_datetime
import time:      1302 |       2959 |                 pandas._libs.tslibs.dtypes
import time:       824 |        824 |                   pandas._libs.tslibs.base
import time:       938 |        938 |                       pandas._libs.tslibs.nattype
import time:       213 |        213 |                           pandas.compat._optional
import time:       395 |        395 |                             zoneinfo._tzpath
import time:       276 |        276 |                             zoneinfo._common
import time:      1002 |       1002 |                             _zoneinfo
import time:       298 |       1970 |                           zoneinfo
import time:       235 |        235 |                                   importlib._abc
import time:       235 |        470 |                                 importlib.util
import time:       618 |       1087 |                               six
import time:        15 |         15 |                               six.moves
import time:       241 |        241 |                               dateutil.tz._common
import time:       202 |        202 |                               dateutil.tz._factories
import time:         9 |          9 |                                 six.moves.winreg
import time:       205 |        213 |                               dateutil.tz.win
import time:       528 |       2283 |                             dateutil.tz.tz
import time:       304 |       2587 |                           dateutil.tz
import time:      1047 |       5815 |                         pandas._libs.tslibs.timezones
import time:       439 |        439 |                             calendar
import time:       529 |        968 |                           _strptime
import time:       224 |        224 |                           pandas._config.localization
import time:       949 |       2139 |                         pandas._libs.tslibs.fields
import time:      1108 |       9061 |                       pandas._libs.tslibs.timedeltas
import time:       966 |        966 |                       pandas._libs.tslibs.tzconversion
import time:      1070 |      12035 |                     pandas._libs.tslibs.timestamps
import time:       840 |        840 |                     pandas._libs.properties
import time:      1326 |      14200 |                   pandas._libs.tslibs.offsets
import time:       199 |        199 |                         dateutil._common
import time:       629 |        828 |                       dateutil.parser._parser
import time:       247 |        247 |                       dateutil.parser.isoparser
import time:       261 |       1335 |                     dateutil.parser
import time:      2379 |       2379 |                     pandas._libs.tslibs.strptime
import time:      1246 |       4959 |                   pandas._libs.tslibs.parsing
import time:       960 |      20942 |                 pandas._libs.tslibs.conversion
import time:      2123 |       2123 |                 pandas._libs.tslibs.period
import time:      3355 |       3355 |                 pandas._libs.tslibs.vectorized
import time:       404 |      29781 |               pandas._libs.tslibs
import time:        17 |      29797 |             pandas._libs.tslibs.nattype
import time:      1919 |       1919 |             pandas._libs.ops_dispatch
import time:       923 |      32637 |           pandas._libs.missing
import time:      1167 |      33804 |         pandas._libs.hashtable
import time:      1298 |       1298 |         pandas._libs.algos
import time:      1022 |      36123 |       pandas._libs.interval
import time:       517 |      39964 |     pandas._libs
import time:       279 |        279 |       pandas.core.dtypes
import time:      1777 |       1777 |       pandas._libs.lib
import time:       757 |        757 |       pandas.errors
import time:       271 |        271 |         pandas.core.dtypes.generic
import time:       290 |        561 |       pandas.core.dtypes.base
import time:       161 |        161 |       pandas.core.dtypes.inference
import time:       842 |       4375 |     pandas.core.dtypes.dtypes
import time:       259 |        259 |       pandas.core.dtypes.common
import time:       380 |        638 |     pandas.core.dtypes.missing
import time:       190 |        190 |       pandas.util._decorators
import time:       266 |        266 |           pandas.io
import time:       424 |        689 |         pandas.io._util
import time:       280 |        969 |       pandas.core.dtypes.cast
import time:       177 |        177 |         pandas.core.dtypes.astype
import time:       202 |        379 |       pandas.core.dtypes.concat
import time:       156 |        156 |         pandas.core.array_algos
import time:       327 |        327 |           pandas.core.common
import time:       221 |        548 |         pandas.core.construction
import time:       436 |       1139 |       pandas.core.array_algos.take
import time:       276 |        276 |         pandas.core.indexers.utils
import time:       236 |        512 |       pandas.core.indexers
import time:       365 |       3550 |     pandas.core.algorithms
import time:      2936 |       2936 |             pyarrow._compute
import time:       211 |        211 |             pyarrow._compute_docstrings
import time:       209 |        209 |             pyarrow.vendored
import time:       452 |        452 |                 pkgutil
import time:       724 |       1176 |               pydoc
import time:      1287 |       2463 |             pyarrow.vendored.docscrape
import time:     12057 |      17874 |           pyarrow.compute
import time:       497 |      18371 |         pandas.core.arrays.arrow.accessors
import time:      1330 |       1330 |           unicodedata
import time:       282 |        282 |           pandas.util._validators
import time:       407 |        407 |           pandas.core.missing
import time:      1087 |       1087 |               pandas._libs.ops
import time:       273 |        273 |               pandas.core.roperator
import time:       163 |        163 |               pandas.core.computation
import time:       196 |        196 |                 pandas.core.computation.check
import time:       366 |        562 |               pandas.core.computation.expressions
import time:       163 |        163 |               pandas.core.ops.missing
import time:       203 |        203 |               pandas.core.ops.dispatch
import time:      1121 |       1121 |               pandas.core.ops.invalid
import time:       503 |       4072 |             pandas.core.ops.array_ops
import time:        76 |         76 |             pandas.core.ops.common
import time:       197 |        197 |             pandas.core.ops.docstrings
import time:        75 |         75 |             pandas.core.ops.mask_ops
import time:       228 |       4647 |           pandas.core.ops
import time:       239 |        239 |           pandas.core.arraylike
import time:       223 |        223 |           pandas.core.arrays._arrow_string_mixins
import time:       164 |        164 |           pandas.core.arrays._utils
import time:       224 |        224 |             pandas.compat.numpy.function
import time:       185 |        185 |             pandas.core.array_algos.quantile
import time:       225 |        225 |             pandas.core.sorting
import time:       448 |       1081 |           pandas.core.arrays.base
import time:       464 |        464 |             pandas.core.nanops
import time:       207 |        207 |             pandas.core.array_algos.masked_accumulations
import time:       164 |        164 |             pandas.core.array_algos.masked_reductions
import time:       994 |        994 |               pandas.core.util
import time:      1170 |       1170 |               pandas._libs.hashing
import time:       332 |       2494 |             pandas.core.util.hashing
import time:       594 |       3921 |           pandas.core.arrays.masked
import time:      1058 |       1058 |             pandas._libs.arrays
import time:       253 |        253 |               pandas.core.arrays.numeric
import time:       254 |        506 |             pandas.core.arrays.floating
import time:       617 |        617 |             pandas.core.arrays.integer
import time:       528 |        528 |                 pandas.core.array_algos.transforms
import time:       342 |        870 |               pandas.core.arrays._mixins
import time:       166 |        166 |                 pandas.core.strings
import time:       213 |        213 |                 pandas.core.strings.base
import time:       391 |        769 |               pandas.core.strings.object_array
import time:       247 |       1885 |             pandas.core.arrays.numpy_
import time:       237 |        237 |             pandas.io.formats
import time:      1177 |       1177 |                   zlib
import time:       508 |       1684 |                 shutil
import time:       178 |       1861 |               pandas.io.formats.console
import time:       532 |       2393 |             pandas.io.formats.printing
import time:       474 |       7165 |           pandas.core.arrays.string_
import time:       267 |        267 |             pandas.tseries
import time:       526 |        793 |           pandas.tseries.frequencies
import time:      2105 |      22352 |         pandas.core.arrays.arrow.array
import time:       408 |      41130 |       pandas.core.arrays.arrow
import time:       265 |        265 |       pandas.core.arrays.boolean
import time:      1243 |       1243 |           _csv
import time:       372 |       1614 |         csv
import time:       296 |        296 |         pandas.core.accessor
import time:       356 |        356 |         pandas.core.base
import time:       521 |       2786 |       pandas.core.arrays.categorical
import time:      1237 |       1237 |         pandas._libs.tslib
import time:       281 |        281 |           pandas.core.array_algos.datetimelike_accumulations
import time:      1616 |       1896 |         pandas.core.arrays.datetimelike
import time:        93 |         93 |         pandas.core.arrays._ranges
import time:       150 |        150 |         pandas.tseries.offsets
import time:       411 |       3785 |       pandas.core.arrays.datetimes
import time:       338 |        338 |         pandas.core.arrays.timedeltas
import time:       732 |       1069 |       pandas.core.arrays.interval
import time:       347 |        347 |       pandas.core.arrays.period
import time:      1128 |       1128 |             pandas._libs.sparse
import time:       376 |       1504 |           pandas.core.arrays.sparse.array
import time:       152 |       1656 |         pandas.core.arrays.sparse.accessor
import time:       174 |       1829 |       pandas.core.arrays.sparse
import time:       215 |        215 |       pandas.core.arrays.string_arrow
import time:       285 |      51707 |     pandas.core.arrays
import time:        86 |         86 |     pandas.core.flags
import time:      1200 |       1200 |           pandas._libs.internals
import time:       182 |        182 |             pandas.core._numba
import time:       256 |        438 |           pandas.core._numba.executor
import time:       455 |       2092 |         pandas.core.apply
import time:      3268 |       3268 |                   _json
import time:       304 |       3571 |                 json.scanner
import time:       429 |       4000 |               json.decoder
import time:       454 |        454 |               json.encoder
import time:       319 |       4771 |             json
import time:      1137 |       1137 |               pandas._libs.indexing
import time:       201 |        201 |                 pandas.core.indexes
import time:      1370 |       1370 |                   pandas._libs.index
import time:      1191 |       1191 |                   pandas._libs.writers
import time:      1246 |       1246 |                   pandas._libs.join
import time:        91 |         91 |                   pandas.core.array_algos.putmask
import time:        92 |         92 |                   pandas.core.indexes.frozen
import time:      1247 |       1247 |                   pandas.core.strings.accessor
import time:       975 |       6209 |                 pandas.core.indexes.base
import time:       133 |        133 |                   pandas.core.indexes.extension
import time:       164 |        296 |                 pandas.core.indexes.category
import time:       404 |        404 |                     pandas.core.indexes.range
import time:       156 |        156 |                       pandas.core.tools
import time:       239 |        394 |                     pandas.core.tools.timedeltas
import time:       437 |       1234 |                   pandas.core.indexes.datetimelike
import time:       207 |        207 |                   pandas.core.tools.times
import time:       555 |       1995 |                 pandas.core.indexes.datetimes
import time:       536 |        536 |                   pandas.core.indexes.multi
import time:       266 |        266 |                   pandas.core.indexes.timedeltas
import time:       379 |       1180 |                 pandas.core.indexes.interval
import time:       225 |        225 |                 pandas.core.indexes.period
import time:       550 |      10653 |               pandas.core.indexes.api
import time:       788 |      12577 |             pandas.core.indexing
import time:       205 |        205 |             pandas.core.sample
import time:       175 |        175 |             pandas.core.array_algos.replace
import time:       599 |        599 |                 pandas.core.internals.blocks
import time:       268 |        867 |               pandas.core.internals.api
import time:       335 |        335 |                 pandas.core.internals.base
import time:       295 |        295 |                   pandas.core.internals.ops
import time:       457 |        752 |                 pandas.core.internals.managers
import time:      4352 |       5438 |               pandas.core.internals.array_manager
import time:       134 |        134 |               pandas.core.internals.concat
import time:       295 |       6732 |             pandas.core.internals
import time:       310 |        310 |             pandas.core.internals.construction
import time:       174 |        174 |               pandas.core.methods
import time:       258 |        258 |                 pandas.core.reshape
import time:       283 |        540 |               pandas.core.reshape.concat
import time:       407 |        407 |                   gzip
import time:      1431 |       1431 |                   mmap
import time:        23 |         23 |                     pwd
import time:      1267 |       1267 |                     grp
import time:      1394 |       2683 |                   tarfile
import time:       797 |        797 |                   zipfile
import time:       243 |        243 |                   pandas.core.shared_docs
import time:       847 |       6405 |                 pandas.io.common
import time:       463 |       6868 |               pandas.io.formats.format
import time:       237 |       7818 |             pandas.core.methods.describe
import time:       170 |        170 |                   pandas._libs.window
import time:      1446 |       1615 |                 pandas._libs.window.aggregations
import time:      1208 |       1208 |                   pandas._libs.window.indexers
import time:       347 |       1555 |                 pandas.core.indexers.objects
import time:       210 |        210 |                 pandas.core.util.numba_
import time:       231 |        231 |                 pandas.core.window.common
import time:       917 |        917 |                 pandas.core.window.doc
import time:       257 |        257 |                 pandas.core.window.numba_
import time:       600 |        600 |                 pandas.core.window.online
import time:      1014 |       1014 |                 pandas.core.window.rolling
import time:       633 |       7027 |               pandas.core.window.ewm
import time:       642 |        642 |               pandas.core.window.expanding
import time:       236 |       7904 |             pandas.core.window
import time:      5649 |      46138 |           pandas.core.generic
import time:       252 |        252 |           pandas.core.methods.selectn
import time:       166 |        166 |             pandas.core.reshape.util
import time:       206 |        206 |             pandas.core.tools.numeric
import time:       262 |        632 |           pandas.core.reshape.melt
import time:      1329 |       1329 |             pandas._libs.reshape
import time:       479 |        479 |             pandas.core.indexes.accessors
import time:       155 |        155 |               pandas.arrays
import time:       465 |        619 |             pandas.core.tools.datetimes
import time:       828 |        828 |             pandas.io.formats.info
import time:       701 |        701 |               pandas.plotting._core
import time:       424 |        424 |               pandas.plotting._misc
import time:       299 |       1423 |             pandas.plotting
import time:      1853 |       6528 |           pandas.core.series
import time:      3902 |      57449 |         pandas.core.frame
import time:       539 |        539 |         pandas.core.groupby.base
import time:      1490 |       1490 |           pandas._libs.groupby
import time:       326 |        326 |             pandas.core.groupby.categorical
import time:       284 |        609 |           pandas.core.groupby.grouper
import time:       285 |       2383 |         pandas.core.groupby.ops
import time:       211 |        211 |           pandas.core.groupby.numba_
import time:       243 |        243 |           pandas.core.groupby.indexing
import time:      1122 |       1575 |         pandas.core.groupby.groupby
import time:      2376 |      66411 |       pandas.core.groupby.generic
import time:       214 |      66625 |     pandas.core.groupby
import time:       622 |     167564 |   pandas.core.api
import time:       188 |        188 |   pandas.tseries.api
import time:       278 |        278 |           pandas.core.computation.common
import time:       248 |        526 |         pandas.core.computation.align
import time:       447 |        447 |             pprint
import time:       246 |        693 |           pandas.core.computation.scope
import time:       355 |       1048 |         pandas.core.computation.ops
import time:       208 |       1781 |       pandas.core.computation.engines
import time:        84 |         84 |         pandas.core.computation.parsing
import time:       618 |        702 |       pandas.core.computation.expr
import time:       225 |       2707 |     pandas.core.computation.eval
import time:       126 |       2833 |   pandas.core.computation.api
import time:       167 |        167 |     pandas.core.reshape.encoding
import time:       503 |        503 |     pandas.core.reshape.merge
import time:       476 |        476 |     pandas.core.reshape.pivot
import time:       257 |        257 |     pandas.core.reshape.tile
import time:       226 |       1627 |   pandas.core.reshape.api
import time:       270 |        270 |     pandas.api.extensions
import time:       141 |        141 |     pandas.api.indexers
import time:       142 |        142 |         pandas.core.interchange
import time:       472 |        613 |       pandas.core.interchange.dataframe_protocol
import time:        98 |         98 |         pandas.core.interchange.utils
import time:       260 |        358 |       pandas.core.interchange.from_dataframe
import time:       815 |       1785 |     pandas.api.interchange
import time:       136 |        136 |       pandas.core.dtypes.api
import time:       150 |        286 |     pandas.api.types
import time:       701 |        701 |       pandas.core.resample
import time:      1508 |       1508 |             pandas._libs.json
import time:       458 |        458 |             pandas.io.json._normalize
import time:       251 |        251 |             pandas.io.json._table_schema
import time:      1548 |       1548 |                   pandas._libs.parsers
import time:       401 |        401 |                     pandas.io.parsers.base_parser
import time:       277 |        678 |                   pandas.io.parsers.arrow_parser_wrapper
import time:       197 |        197 |                   pandas.io.parsers.c_parser_wrapper
import time:       755 |        755 |                   pandas.io.parsers.python_parser
import time:      1102 |       4278 |                 pandas.io.parsers.readers
import time:       298 |       4576 |               pandas.io.parsers
import time:         9 |       4585 |             pandas.io.parsers.readers
import time:       798 |       7599 |           pandas.io.json._json
import time:       352 |       7950 |         pandas.io.json
import time:         8 |       7958 |       pandas.io.json._json
import time:       818 |        818 |       pandas.io.stata
import time:       119 |       9595 |     pandas.api.typing
import time:       340 |      12415 |   pandas.api
import time:       982 |        982 |           tempfile
import time:       235 |       1217 |         pandas._testing.contexts
import time:       236 |       1452 |       pandas._testing._io
import time:       102 |        102 |       pandas._testing._warnings
import time:      1582 |       1582 |           cmath
import time:      1321 |       2902 |         pandas._libs.testing
import time:       337 |       3238 |       pandas._testing.asserters
import time:       204 |        204 |       pandas._testing.compat
import time:       374 |       5369 |     pandas._testing
import time:       217 |       5585 |   pandas.testing
import time:       212 |        212 |   pandas.util._print_versions
import time:       130 |        130 |     pandas.io.clipboards
import time:       497 |        497 |         pandas.io.excel._util
import time:       360 |        360 |         pandas.io.excel._calamine
import time:       284 |        284 |         pandas.io.excel._odfreader
import time:       596 |        596 |         pandas.io.excel._openpyxl
import time:       126 |        126 |         pandas.io.excel._pyxlsb
import time:       135 |        135 |         pandas.io.excel._xlrd
import time:      1316 |       3310 |       pandas.io.excel._base
import time:       238 |        238 |       pandas.io.excel._odswriter
import time:       230 |        230 |       pandas.io.excel._xlsxwriter
import time:       249 |       4025 |     pandas.io.excel
import time:       189 |        189 |     pandas.io.feather_format
import time:       189 |        189 |     pandas.io.gbq
import time:       468 |        468 |     pandas.io.html
import time:       224 |        224 |     pandas.io.orc
import time:       388 |        388 |     pandas.io.parquet
import time:       182 |        182 |       pandas.compat.pickle_compat
import time:       286 |        468 |     pandas.io.pickle
import time:       383 |        383 |       pandas.core.computation.pytables
import time:       940 |       1323 |     pandas.io.pytables
import time:       236 |        236 |       pandas.io.sas.sasreader
import time:       183 |        419 |     pandas.io.sas
import time:       106 |        106 |     pandas.io.spss
import time:       470 |        470 |     pandas.io.sql
import time:       490 |        490 |     pandas.io.xml
import time:       246 |       9128 |   pandas.io.api
import time:       211 |        211 |   pandas.util._tester
import time:       161 |        161 |   pandas._version_meson
import time:       574 |     323654 | pandas
import time:       446 |        446 |         email
import time:       623 |       1069 |       email.errors
import time:      1111 |       1111 |         http
import time:       256 |        256 |                 email.quoprimime
import time:       267 |        267 |                 email.base64mime
import time:       194 |        194 |                     quopri
import time:       163 |        357 |                   email.encoders
import time:       242 |        599 |                 email.charset
import time:       438 |       1559 |               email.header
import time:       277 |        277 |                 email._parseaddr
import time:       355 |        632 |               email.utils
import time:       335 |       2525 |             email._policybase
import time:       487 |       3011 |           email.feedparser
import time:       301 |       3312 |         email.parser
import time:       204 |        204 |           uu
import time:       379 |        379 |           email._encoded_words
import time:       300 |        300 |           email.iterators
import time:       471 |       1353 |         email.message
import time:      2517 |       2517 |           _ssl
import time:      1746 |       4263 |         ssl
import time:       814 |      10851 |       http.client
import time:       901 |      12819 |     urllib3.exceptions
import time:       259 |        259 |             urllib3.util.timeout
import time:      1436 |       1695 |           urllib3.util.connection
import time:       151 |        151 |             urllib3.util.util
import time:        59 |         59 |             brotlicffi
import time:        38 |         38 |             brotli
import time:        27 |         27 |             backports
import time:       413 |        686 |           urllib3.util.request
import time:       159 |        159 |           urllib3.util.response
import time:       324 |        324 |           urllib3.util.retry
import time:      3389 |       3389 |             urllib3.util.url
import time:       277 |        277 |             urllib3.util.ssltransport
import time:       302 |       3968 |           urllib3.util.ssl_
import time:       436 |        436 |           urllib3.util.wait
import time:       192 |       7456 |         urllib3.util
import time:        10 |       7465 |       urllib3.util.connection
import time:       405 |       7870 |     urllib3._base_connection
import time:       345 |        345 |     urllib3._collections
import time:       162 |        162 |     urllib3._version
import time:        29 |         29 |               _winapi
import time:        25 |         25 |               winreg
import time:       287 |        340 |             mimetypes
import time:       115 |        454 |           urllib3.fields
import time:       197 |        651 |         urllib3.filepost
import time:        27 |         27 |           brotlicffi
import time:        23 |         23 |           brotli
import time:       210 |        210 |                     importlib.metadata._functools
import time:       263 |        473 |                   importlib.metadata._text
import time:       282 |        754 |                 importlib.metadata._adapters
import time:       227 |        227 |                 importlib.metadata._meta
import time:       341 |        341 |                 importlib.metadata._collections
import time:       241 |        241 |                 importlib.metadata._itertools
import time:       481 |        481 |                 importlib.abc
import time:       777 |       2818 |               importlib.metadata
import time:       171 |       2989 |             urllib3.http2
import time:       245 |        245 |             urllib3.http2.probe
import time:       203 |        203 |             urllib3.util.ssl_match_hostname
import time:       389 |       3825 |           urllib3.connection
import time:        33 |         33 |           backports
import time:       449 |       4355 |         urllib3.response
import time:       127 |       5132 |       urllib3._request_methods
import time:       447 |        447 |       urllib3.util.proxy
import time:       430 |       6008 |     urllib3.connectionpool
import time:       525 |        525 |     urllib3.poolmanager
import time:       413 |      28140 |   urllib3
import time:       773 |        773 |           charset_normalizer.constant
import time:      1367 |       1367 |             charset_normalizer.md__mypyc
import time:      1422 |       1422 |               _multibytecodec
import time:       313 |       1734 |             charset_normalizer.utils
import time:      1574 |       4675 |           charset_normalizer.md
import time:       175 |        175 |           charset_normalizer.models
import time:       241 |       5862 |         charset_normalizer.cd
import time:       432 |       6293 |       charset_normalizer.api
import time:       151 |        151 |       charset_normalizer.legacy
import time:       145 |        145 |       charset_normalizer.version
import time:        29 |         29 |       simplejson
import time:       291 |        291 |             urllib.response
import time:       321 |        612 |           urllib.error
import time:      1505 |       1505 |           _scproxy
import time:       764 |       2880 |         urllib.request
import time:      1725 |       4605 |       http.cookiejar
import time:       763 |        763 |       http.cookies
import time:       520 |      12503 |     requests.compat
import time:       518 |      13021 |   requests.exceptions
import time:        31 |         31 |   chardet
import time:       477 |        477 |         idna.idnadata
import time:       247 |        247 |         idna.intranges
import time:       444 |       1167 |       idna.core
import time:       236 |        236 |       idna.package_data
import time:       296 |       1698 |     idna
import time:       460 |       2158 |   requests.packages
import time:       253 |        253 |               importlib._adapters
import time:       193 |        446 |             importlib._common
import time:       294 |        739 |           importlib.resources
import time:       224 |        963 |         certifi.core
import time:       247 |       1209 |       certifi
import time:       135 |       1344 |     requests.certs
import time:       131 |        131 |     requests.__version__
import time:       258 |        258 |     requests._internal_utils
import time:       994 |        994 |     requests.cookies
import time:       197 |        197 |     requests.structures
import time:       228 |        228 |     importlib.readers
import time:       372 |       3520 |   requests.utils
import time:       212 |        212 |         requests.auth
import time:       284 |        284 |             stringprep
import time:       332 |        615 |           encodings.idna
import time:       129 |        129 |           requests.hooks
import time:       239 |        239 |           requests.status_codes
import time:       203 |       1184 |         requests.models
import time:       168 |        168 |           urllib3.contrib
import time:       438 |        438 |           socks
import time:       387 |        992 |         urllib3.contrib.socks
import time:       309 |       2695 |       requests.adapters
import time:       240 |       2935 |     requests.sessions
import time:       152 |       3086 |   requests.api
import time:       339 |      50293 | requests
import time:      1138 |       1138 |           typing_extensions
import time:       390 |       1528 |         bs4._typing
import time:       612 |        612 |           soupsieve.__meta__
import time:       347 |        347 |             soupsieve.util
import time:       821 |        821 |                 soupsieve.pretty
import time:       364 |       1184 |               soupsieve.css_types
import time:       784 |       1967 |             soupsieve.css_match
import time:     10612 |      12925 |           soupsieve.css_parser
import time:       742 |      14278 |         soupsieve
import time:       204 |      16009 |       bs4.css
import time:       263 |        263 |       bs4._deprecation
import time:       829 |        829 |               html.entities
import time:       298 |       1126 |             html
import time:         8 |       1134 |           html.entities
import time:        35 |         35 |           cchardet
import time:        25 |         25 |           chardet
import time:      8740 |       9932 |         bs4.dammit
import time:       271 |      10202 |       bs4.formatter
import time:       290 |        290 |       bs4._warnings
import time:       354 |        354 |       bs4.filter
import time:       874 |      27990 |     bs4.element
import time:       186 |        186 |     bs4.exceptions
import time:       283 |        283 |         _markupbase
import time:      1056 |       1338 |       html.parser
import time:       412 |       1749 |     bs4.builder._htmlparser
import time:        80 |         80 |       html5lib
import time:       234 |        314 |     bs4.builder._html5lib
import time:       359 |        359 |       lxml
import time:      1693 |       1693 |         lxml._elementpath
import time:        36 |         36 |         rnc2rng
import time:      3456 |       5184 |       lxml.etree
import time:       304 |       5846 |     bs4.builder._lxml
import time:       548 |      36629 |   bs4.builder
import time:       691 |      37319 | bs4
import time:       498 |        498 |   yfinance.version
import time:       439 |        439 |       yfinance.const
import time:       212 |        212 |       yfinance.exceptions
import time:       166 |        166 |       yfinance.config
import time:       396 |       1212 |     yfinance.utils
import time:      1410 |       1410 |         _cffi_backend
import time:      2454 |       2454 |             curl_cffi._wrapper
import time:      3547 |       3547 |             curl_cffi.const
import time:        95 |         95 |             curl_cffi.utils
import time:      1016 |       7110 |           curl_cffi.curl
import time:      2508 |       9618 |         curl_cffi.__version__
import time:       210 |        210 |                 concurrent
import time:       426 |        426 |                 concurrent.futures._base
import time:       214 |        849 |               concurrent.futures
import time:       175 |        175 |               asyncio.constants
import time:       262 |        262 |                   asyncio.format_helpers
import time:       169 |        431 |                 asyncio.base_futures
import time:       240 |        240 |                 asyncio.log
import time:       210 |        880 |               asyncio.coroutines
import time:       321 |        321 |                   asyncio.exceptions
import time:       168 |        168 |                   asyncio.base_tasks
import time:      1468 |       1956 |                 _asyncio
import time:       418 |       2373 |               asyncio.events
import time:       210 |        210 |               asyncio.futures
import time:       174 |        174 |               asyncio.protocols
import time:       349 |        349 |                 asyncio.transports
import time:       282 |        630 |               asyncio.sslproto
import time:       164 |        164 |                   asyncio.mixins
import time:       372 |        372 |                   asyncio.tasks
import time:       364 |        898 |                 asyncio.locks
import time:       364 |       1261 |               asyncio.staggered
import time:       334 |        334 |               asyncio.trsock
import time:       918 |       7801 |             asyncio.base_events
import time:       273 |        273 |             asyncio.runners
import time:       228 |        228 |             asyncio.queues
import time:       376 |        376 |             asyncio.streams
import time:       202 |        202 |             asyncio.subprocess
import time:       349 |        349 |             asyncio.threads
import time:       233 |        233 |               asyncio.base_subprocess
import time:       315 |        315 |               asyncio.selector_events
import time:       387 |        934 |             asyncio.unix_events
import time:       395 |      10555 |           asyncio
import time:       263 |      10817 |         curl_cffi.aio
import time:       440 |        440 |               curl_cffi.requests.exceptions
import time:        73 |        513 |             curl_cffi.requests.errors
import time:       716 |       1228 |           curl_cffi.requests.cookies
import time:       301 |        301 |           curl_cffi.requests.headers
import time:       749 |        749 |           curl_cffi.requests.impersonate
import time:        39 |         39 |             orjson
import time:        25 |         25 |             markdownify
import time:       487 |        550 |           curl_cffi.requests.models
import time:       333 |        333 |             concurrent.futures.thread
import time:       174 |        174 |             curl_cffi.requests.utils
import time:       285 |        285 |             curl_cffi.requests.websockets
import time:        30 |         30 |             gevent
import time:        24 |         24 |               eventlet
import time:         6 |         30 |             eventlet.tpool
import time:       340 |       1189 |           curl_cffi.requests.session
import time:       345 |       4360 |         curl_cffi.requests
import time:       332 |      26535 |       curl_cffi
import time:      1791 |       1791 |         frozendict._frozendict
import time:       246 |        246 |         frozendict.cool
import time:        94 |         94 |         frozendict.monkeypatch
import time:        65 |         65 |         frozendict.version
import time:        29 |         29 |         orjson
import time:       345 |       2569 |       frozendict
import time:        68 |         68 |           pysqlite3
import time:        24 |         24 |           pysqlite2
import time:      2602 |       2602 |               _sqlite3
import time:       364 |       2966 |             sqlite3.dbapi2
import time:       428 |       3393 |           sqlite3
import time:        42 |         42 |           psycopg2cffi
import time:        26 |         26 |           psycopg2
import time:        23 |         23 |           psycopg
import time:        22 |         22 |           pymysql
import time:        25 |         25 |           MySQLdb
import time:      3309 |       6928 |         peewee
import time:       399 |        399 |           platformdirs.api
import time:       124 |        124 |           platformdirs.version
import time:       184 |        184 |           platformdirs.macos
import time:       413 |       1118 |         platformdirs
import time:       513 |       8558 |       yfinance.cache
import time:       258 |      37919 |     yfinance.data
import time:       214 |      39344 |   yfinance.search
import time:       288 |        288 |   yfinance.lookup
import time:       525 |        525 |               websockets.imports
import time:       194 |        194 |               websockets.version
import time:       266 |        985 |             websockets
import time:       627 |       1612 |           websockets.sync
import time:       251 |        251 |             websockets.datastructures
import time:        98 |         98 |                 websockets.typing
import time:      1547 |       1547 |                 websockets.speedups
import time:       362 |        362 |                   websockets.extensions.base
import time:       212 |        573 |                 websockets.extensions
import time:       659 |       2876 |               websockets.frames
import time:       682 |        682 |               websockets.http11
import time:       309 |       3866 |             websockets.exceptions
import time:       520 |        520 |             websockets.headers
import time:       159 |        159 |               websockets.streams
import time:       442 |        600 |             websockets.protocol
import time:       266 |        266 |             websockets.uri
import time:        81 |         81 |             websockets.utils
import time:       339 |       5920 |           websockets.client
import time:       216 |        216 |           websockets.extensions.permessage_deflate
import time:       239 |        239 |           websockets.proxy
import time:        76 |         76 |               websockets.sync.utils
import time:       210 |        286 |             websockets.sync.messages
import time:       318 |        603 |           websockets.sync.connection
import time:        36 |         36 |           python_socks
import time:       405 |       9028 |         websockets.sync.client
import time:       170 |        170 |           websockets.asyncio
import time:       230 |        230 |             websockets.asyncio.async_timeout
import time:       163 |        393 |           websockets.asyncio.compatibility
import time:       174 |        174 |             websockets.asyncio.messages
import time:       333 |        507 |           websockets.asyncio.connection
import time:        29 |         29 |           python_socks
import time:       347 |       1443 |         websockets.asyncio.client
import time:        39 |         39 |             google
import time:       392 |        430 |           google.protobuf
import time:       231 |        231 |             google.protobuf.internal
import time:        16 |         16 |               google.protobuf.internal._api_implementation
import time:       408 |        408 |               google.protobuf.message
import time:       152 |        152 |               google.protobuf.internal.enum_type_wrapper
import time:        15 |         15 |               google.protobuf.enable_deterministic_proto_serialization
import time:      2705 |       3294 |             google.protobuf.internal.api_implementation
import time:       694 |       4219 |           google.protobuf.descriptor
import time:       266 |        266 |             google.protobuf.descriptor_database
import time:       409 |        409 |             google.protobuf.text_encoding
import time:       174 |        174 |             google.protobuf.internal.python_edition_defaults
import time:       332 |        332 |                 encodings.raw_unicode_escape
import time:       302 |        302 |                 encodings.unicode_escape
import time:       849 |        849 |                   google.protobuf.internal.containers
import time:       223 |        223 |                     google.protobuf.internal.wire_format
import time:       146 |        369 |                   google.protobuf.internal.encoder
import time:       259 |       1475 |                 google.protobuf.internal.decoder
import time:       285 |        285 |                 google.protobuf.internal.type_checkers
import time:       208 |        208 |                 google.protobuf.unknown_fields
import time:       695 |       3294 |               google.protobuf.text_format
import time:       275 |        275 |               google.protobuf.internal.extension_dict
import time:       110 |        110 |               google.protobuf.internal.message_listener
import time:       218 |        218 |                 google.protobuf.internal.field_mask
import time:       237 |        455 |               google.protobuf.internal.well_known_types
import time:       741 |       4874 |             google.protobuf.internal.python_message
import time:       349 |       6071 |           google.protobuf.descriptor_pool
import time:        72 |         72 |               google.protobuf.pyext
import time:       230 |        230 |               google.protobuf.pyext.cpp_message
import time:       195 |        496 |             google.protobuf.message_factory
import time:       191 |        191 |             google.protobuf.symbol_database
import time:        87 |        773 |           google.protobuf.reflection
import time:       232 |      11724 |         yfinance.pricing_pb2
import time:       359 |        359 |         google.protobuf.json_format
import time:       226 |      22777 |       yfinance.live
import time:       168 |        168 |         yfinance.scrapers
import time:       333 |        333 |         yfinance.scrapers.quote
import time:       339 |        839 |       yfinance.scrapers.analysis
import time:       140 |        140 |       yfinance.scrapers.fundamentals
import time:       207 |        207 |       yfinance.scrapers.holders
import time:       196 |        196 |         yfinance.shared
import time:       675 |        870 |       yfinance.scrapers.history
import time:       212 |        212 |       yfinance.scrapers.funds
import time:       373 |      25415 |     yfinance.base
import time:       239 |      25653 |   yfinance.ticker
import time:       680 |        680 |       yfinance.screener.query
import time:       393 |        393 |       yfinance.screener.screener
import time:       157 |       1229 |     yfinance.screener
import time:       308 |       1537 |   yfinance.calendars
import time:       416 |        416 |             multiprocessing.process
import time:       338 |        338 |             multiprocessing.reduction
import time:       349 |       1102 |           multiprocessing.context
import time:       309 |       1411 |         multiprocessing
import time:       417 |       1827 |       multitasking
import time:       119 |       1946 |     yfinance.multi
import time:       232 |       2177 |   yfinance.tickers
import time:       112 |        112 |         yfinance.domain.domain
import time:       313 |        424 |       yfinance.domain.sector
import time:       122 |        122 |       yfinance.domain.industry
import time:       170 |        715 |     yfinance.domain
import time:         7 |        722 |   yfinance.domain.sector
import time:       127 |        127 |   yfinance.domain.market
import time:       309 |      70652 | yfinance
import time:       297 |        297 |         packaging
import time:       168 |        168 |         packaging._structures
import time:      1130 |       1594 |       packaging.version
import time:       360 |        360 |         matplotlib._api.deprecation
import time:       987 |       1347 |       matplotlib._api
import time:       363 |        363 |       matplotlib._version
import time:       298 |        298 |         shlex
import time:      2121 |       2121 |         matplotlib._c_internal_utils
import time:       522 |       2941 |       matplotlib.cbook
import time:       341 |        341 |       matplotlib._docstring
import time:       534 |        534 |           matplotlib.backends.registry
import time:       229 |        763 |         matplotlib.backends
import time:       613 |        613 |             PIL._version
import time:       397 |       1010 |           PIL
import time:      2729 |       2729 |             PIL.ExifTags
import time:       454 |        454 |             PIL.ImageMode
import time:      9746 |       9746 |             PIL.TiffTags
import time:       279 |        279 |             PIL._binary
import time:       176 |        176 |             PIL._deprecate
import time:       567 |        567 |             PIL._util
import time:        54 |         54 |             defusedxml
import time:      9856 |       9856 |             PIL._imaging
import time:      1057 |      24915 |           PIL.Image
import time:       240 |        240 |             PIL.ImageChops
import time:       546 |        546 |             PIL.ImageFile
import time:       313 |        313 |               PIL.GimpGradientFile
import time:       136 |        136 |               PIL.GimpPaletteFile
import time:       524 |        524 |               PIL.ImageColor
import time:       220 |        220 |               PIL.PaletteFile
import time:       299 |       1491 |             PIL.ImagePalette
import time:       184 |        184 |             PIL.ImageSequence
import time:      1011 |       3470 |           PIL.PngImagePlugin
import time:       323 |        323 |           matplotlib._cm
import time:      3059 |       3059 |                 matplotlib._path
import time:       252 |        252 |                   matplotlib.bezier
import time:       561 |        813 |                 matplotlib.path
import time:       708 |       4579 |               matplotlib.transforms
import time:       706 |       5285 |             matplotlib.ticker
import time:       525 |       5809 |           matplotlib.scale
import time:      2484 |       2484 |           matplotlib._image
import time:       606 |        606 |           matplotlib._color_data
import time:      1163 |      39776 |         matplotlib.colors
import time:      1193 |       1193 |             pyparsing.util
import time:       296 |        296 |               pyparsing.unicode
import time:       890 |       1186 |             pyparsing.exceptions
import time:       311 |        311 |               pyparsing.results
import time:       209 |        519 |             pyparsing.actions
import time:      5609 |       5609 |             pyparsing.core
import time:      1363 |       1363 |             pyparsing.helpers
import time:       442 |        442 |             pyparsing.testing
import time:      1767 |       1767 |             pyparsing.common
import time:      1035 |      13110 |           pyparsing
import time:       403 |      13512 |         matplotlib._fontconfig_pattern
import time:       358 |        358 |         matplotlib._enums
import time:       875 |        875 |         cycler
import time:      1207 |      56489 |       matplotlib.rcsetup
import time:      4393 |       4393 |       matplotlib.ft2font
import time:       293 |        293 |         kiwisolver.exceptions
import time:      2543 |       2836 |       kiwisolver._cext
import time:      1329 |       1329 |           matplotlib.artist
import time:       675 |       2004 |         matplotlib.colorizer
import time:       772 |        772 |         matplotlib._cm_listed
import time:       495 |        495 |         matplotlib._cm_multivar
import time:       589 |        589 |         matplotlib._cm_bivar
import time:      1661 |       5520 |       matplotlib.cm
import time:      4539 |      80359 |     matplotlib
import time:       384 |        384 |           xml
import time:       226 |        609 |         xml.parsers
import time:      4000 |       4000 |         pyexpat
import time:       271 |       4878 |       xml.parsers.expat
import time:       567 |       5445 |     plistlib
import time:       569 |        569 |       matplotlib._mathtext_data
import time:       380 |        949 |     matplotlib._afm
import time:      2281 |      89033 |   matplotlib.font_manager
import time:       215 |        215 |           matplotlib._pylab_helpers
import time:       464 |        678 |         matplotlib.backend_tools
import time:       311 |        311 |             matplotlib.hatch
import time:       460 |        460 |               matplotlib.markers
import time:      3006 |       3466 |             matplotlib.lines
import time:      9727 |      13504 |           matplotlib.patches
import time:      1060 |       1060 |             matplotlib._text_helpers
import time:       656 |        656 |             matplotlib.dviread
import time:      1335 |       1335 |               matplotlib._mathtext
import time:       261 |       1596 |             matplotlib.mathtext
import time:       375 |        375 |             matplotlib.texmanager
import time:       535 |       4221 |           matplotlib.textpath
import time:      2796 |      20519 |         matplotlib.text
import time:       280 |        280 |         matplotlib._tight_bbox
import time:      8704 |       8704 |           matplotlib.collections
import time:       861 |       9564 |         matplotlib.widgets
import time:       321 |        321 |         matplotlib.backend_managers
import time:       212 |        212 |             matplotlib._layoutgrid
import time:       499 |        710 |           matplotlib._constrained_layout
import time:        98 |         98 |           matplotlib._tight_layout
import time:       246 |       1052 |         matplotlib.layout_engine
import time:      1276 |      33687 |       matplotlib.backend_bases
import time:      2576 |      36263 |     matplotlib.image
import time:      6230 |       6230 |       matplotlib.style.core
import time:       341 |       6571 |     matplotlib.style
import time:        86 |         86 |       matplotlib._blocking_input
import time:      3458 |       3458 |             matplotlib.offsetbox
import time:       265 |        265 |               matplotlib.units
import time:      3194 |       3459 |             matplotlib.axis
import time:       328 |        328 |             matplotlib.gridspec
import time:       804 |        804 |             matplotlib.spines
import time:      1314 |       1314 |             matplotlib.table
import time:      2489 |      11849 |           matplotlib.axes._base
import time:       250 |        250 |             matplotlib.category
import time:      1246 |       1246 |             matplotlib.contour
import time:       361 |        361 |               dateutil.rrule
import time:       755 |       1116 |             matplotlib.dates
import time:       553 |        553 |             matplotlib.inset
import time:       186 |        186 |               matplotlib.container
import time:       342 |        342 |               matplotlib.legend_handler
import time:       916 |       1442 |             matplotlib.legend
import time:       364 |        364 |             matplotlib.mlab
import time:      1771 |       1771 |             matplotlib.quiver
import time:       209 |        209 |             matplotlib.stackplot
import time:       175 |        175 |             matplotlib.streamplot
import time:       361 |        361 |               matplotlib.tri._triangulation
import time:       748 |        748 |               matplotlib.tri._tricontour
import time:       223 |        223 |               matplotlib.tri._trifinder
import time:       212 |        212 |                 matplotlib.tri._tritools
import time:       363 |        574 |               matplotlib.tri._triinterpolate
import time:       551 |        551 |               matplotlib.tri._tripcolor
import time:        80 |         80 |               matplotlib.tri._triplot
import time:       187 |        187 |               matplotlib.tri._trirefine
import time:       110 |       2832 |             matplotlib.tri
import time:      1029 |       1029 |             matplotlib.axes._secondary_axes
import time:      6663 |      17644 |           matplotlib.axes._axes
import time:       115 |      29607 |         matplotlib.axes
import time:      3823 |       3823 |         matplotlib.projections.geo
import time:      2916 |       2916 |         matplotlib.projections.polar
import time:        59 |         59 |           mpl_toolkits
import time:       212 |        212 |               mpl_toolkits.mplot3d.proj3d
import time:      4772 |       4983 |             mpl_toolkits.mplot3d.art3d
import time:      2090 |       2090 |             mpl_toolkits.mplot3d.axis3d
import time:      4069 |      11142 |           mpl_toolkits.mplot3d.axes3d
import time:       389 |      11589 |         mpl_toolkits.mplot3d
import time:       204 |      48137 |       matplotlib.projections
import time:       808 |        808 |       matplotlib.colorbar
import time:      2403 |      51432 |     matplotlib.figure
import time:      3478 |      97742 |   matplotlib.pyplot
import time:      1090 |       1090 |       pykrx.website
import time:        97 |         97 |           pykrx.website.krx.bond.ticker
import time:       491 |        491 |               pykrx.website.comm.auth
import time:        87 |         87 |               pykrx.website.comm.util
import time:       108 |        108 |               pykrx.website.comm.webio
import time:        86 |        771 |             pykrx.website.comm
import time:       180 |        180 |               pykrx.website.krx.krxio
import time:       185 |        365 |             pykrx.website.krx.bond.core
import time:        78 |       1213 |           pykrx.website.krx.bond.wrap
import time:       234 |       1543 |         pykrx.website.krx.bond
import time:       260 |        260 |             pykrx.website.krx.etx.core
import time:       125 |        384 |           pykrx.website.krx.etx.ticker
import time:       177 |        177 |           pykrx.website.krx.etx.wrap
import time:        81 |        641 |         pykrx.website.krx.etx
import time:       157 |        157 |             pykrx.website.krx.future.core
import time:       168 |        325 |           pykrx.website.krx.future.wrap
import time:        66 |        390 |         pykrx.website.krx.future
import time:       416 |        416 |             pykrx.website.krx.market.core
import time:       204 |        620 |           pykrx.website.krx.market.ticker
import time:       344 |        344 |           pykrx.website.krx.market.wrap
import time:        74 |       1037 |         pykrx.website.krx.market
import time:       353 |       3961 |       pykrx.website.krx
import time:       215 |       5265 |     pykrx.bond.bond
import time:       620 |       5885 |   pykrx.bond
import time:       142 |        142 |     pykrx.stock.future_api
import time:       420 |        420 |               wrapt.wrappers
import time:      2383 |       2383 |               wrapt._wrappers
import time:       575 |       3377 |             wrapt.__wrapt__
import time:       188 |        188 |               wrapt.arguments
import time:       284 |        471 |             wrapt.decorators
import time:       200 |        200 |             wrapt.importer
import time:       215 |        215 |             wrapt.patches
import time:       201 |        201 |             wrapt.proxies
import time:       104 |        104 |             wrapt.weakrefs
import time:       201 |       4764 |           wrapt
import time:       346 |       5110 |         deprecated.classic
import time:        29 |         29 |           inspect2
import time:       163 |        191 |         deprecated.params
import time:       649 |       5949 |       deprecated
import time:       165 |        165 |               multipledispatch.utils
import time:       606 |        606 |               multipledispatch.variadic
import time:       128 |        898 |             multipledispatch.conflict
import time:       215 |       1112 |           multipledispatch.dispatcher
import time:       251 |       1363 |         multipledispatch.core
import time:       160 |       1522 |       multipledispatch
import time:       905 |        905 |             xml.etree
import time:       319 |        319 |             xml.etree.ElementPath
import time:      2520 |       2520 |             _elementtree
import time:       451 |       4193 |           xml.etree.ElementTree
import time:       101 |        101 |           pykrx.website.naver.core
import time:       182 |       4476 |         pykrx.website.naver.wrap
import time:       177 |       4652 |       pykrx.website.naver
import time:       508 |      12630 |     pykrx.stock.stock_api
import time:        81 |      12852 |   pykrx.stock
import time:      1358 |     206867 | pykrx
import time:       394 |        394 | netrc
import time:      4159 |       4159 |   _codecs_kr
import time:       963 |       5121 | encodings.euc_kr
import time:       476 |        476 | pandas.io.formats.csvs
Exception ignored from cffi callback <function buffer_callback at 0x127d2f910>:
Traceback (most recent call last):
  File "/opt/anaconda3/envs/battery-maml/lib/python3.10/site-packages/curl_cffi/curl.py", line 100, in buffer_callback
    @ffi.def_extern()
KeyboardInterrupt: 
Traceback (most recent call last):
  File "/Users/velocitygoal/charts_today/build_kr_foreign_naver_auto_v6_dateanchor.py", line 448, in <module>
    main()
  File "/Users/velocitygoal/charts_today/build_kr_foreign_naver_auto_v6_dateanchor.py", line 406, in main
    suffix = yfinance_probe_suffix(code, probe_cache)
  File "/Users/velocitygoal/charts_today/build_kr_foreign_naver_auto_v6_dateanchor.py", line 122, in yfinance_probe_suffix
    df = yf.Ticker(sym).history(period="1mo", interval="1d", auto_adjust=False)
  File "/opt/anaconda3/envs/battery-maml/lib/python3.10/site-packages/yfinance/utils.py", line 95, in wrapper
    result = func(*args, **kwargs)
  File "/opt/anaconda3/envs/battery-maml/lib/python3.10/site-packages/yfinance/base.py", line 129, in history
    return self._lazy_load_price_history().history(*args, **kwargs)
  File "/opt/anaconda3/envs/battery-maml/lib/python3.10/site-packages/yfinance/utils.py", line 95, in wrapper
    result = func(*args, **kwargs)
  File "/opt/anaconda3/envs/battery-maml/lib/python3.10/site-packages/yfinance/scrapers/history.py", line 394, in history
    quotes.index = pd.to_datetime(quotes.index.date).tz_localize(tz_exchange, ambiguous=True, nonexistent='shift_forward')
  File "/opt/anaconda3/envs/battery-maml/lib/python3.10/site-packages/pandas/core/tools/datetimes.py", line 1091, in to_datetime
    cache_array = _maybe_cache(argc, format, cache, convert_listlike)
  File "/opt/anaconda3/envs/battery-maml/lib/python3.10/site-packages/pandas/core/tools/datetimes.py", line 237, in _maybe_cache
    cache_array = Series(dtype=object)
  File "/opt/anaconda3/envs/battery-maml/lib/python3.10/site-packages/pandas/core/series.py", line 591, in __init__
    data = SingleBlockManager.from_array(data, index, refs=refs)
  File "/opt/anaconda3/envs/battery-maml/lib/python3.10/site-packages/pandas/core/internals/managers.py", line 1890, in from_array
    bp = BlockPlacement(slice(0, len(index)))
KeyboardInterrupt
