AUX	no_ohlcv_or_columns
BDH	no_ohlcv_or_columns
BHH	no_ohlcv_or_columns
BIX	no_ohlcv_or_columns
CWX	no_ohlcv_or_columns
FPP	no_ohlcv_or_columns
GAX	no_ohlcv_or_columns
GIP	too_short(len=6)
HCX	no_ohlcv_or_columns
IAH	no_ohlcv_or_columns
IUX	no_ohlcv_or_columns
IXF	too_short(len=7)
IYD	no_ohlcv_or_columns
IYV	no_ohlcv_or_columns
RMS	no_ohlcv_or_columns
SOURCE	no_ohlcv_or_columns
TTH	no_ohlcv_or_columns
UTH	no_ohlcv_or_columns
ABB	no_ohlcv_or_columns
VIASAT	no_ohlcv_or_columns
LTHM	no_ohlcv_or_columns
SQ	no_ohlcv_or_columns
PLL	no_ohlcv_or_columns
LAAC	no_ohlcv_or_columns
MRO	no_ohlcv_or_columns
AVB	too_short(len=27)
BK	no_ohlcv_or_columns
CTRA	no_ohlcv_or_columns
SATS	no_ohlcv_or_columns
EA	too_short(len=6)
EQR	too_short(len=15)
Q	too_short(len=211)